// Jest Snapshot v1, https://goo.gl/fbAQLP

exports[`EditNoteForm tests should match the EditNoteForm snapshot 1`] = `ReactWrapper {}`;
