// Jest Snapshot v1, https://goo.gl/fbAQLP

exports[`Note tests should match the Note snapshot 1`] = `ShallowWrapper {}`;
