// Jest Snapshot v1, https://goo.gl/fbAQLP

exports[`NotesList tests should match the NotesList snapshot 1`] = `ShallowWrapper {}`;
