// Jest Snapshot v1, https://goo.gl/fbAQLP

exports[`Dashboard tests should match the Dashboard snapshot 1`] = `ShallowWrapper {}`;
