// Jest Snapshot v1, https://goo.gl/fbAQLP

exports[`Header tests should match the Header snapshot 1`] = `ShallowWrapper {}`;
