// Jest Snapshot v1, https://goo.gl/fbAQLP

exports[`MainSection tests should match the MainSection snapshot 1`] = `ReactWrapper {}`;
