// Jest Snapshot v1, https://goo.gl/fbAQLP

exports[`ResizableTextArea tests should match the ResizableTextArea snapshot 1`] = `ShallowWrapper {}`;
